Archive member included because of file (symbol)

c:/program files/atmel/atmel toolchain/avr8 gcc/native/3.4.1056/avr8-gnu-toolchain/bin/../lib/gcc/avr/4.8.1/avr25\libgcc.a(_divmodhi4.o)
                              APDS9960.o (__divmodhi4)
c:/program files/atmel/atmel toolchain/avr8 gcc/native/3.4.1056/avr8-gnu-toolchain/bin/../lib/gcc/avr/4.8.1/avr25\libgcc.a(_exit.o)
                              c:/program files/atmel/atmel toolchain/avr8 gcc/native/3.4.1056/avr8-gnu-toolchain/bin/../lib/gcc/avr/4.8.1/../../../../avr/lib/avr25/crttn85.o (exit)
c:/program files/atmel/atmel toolchain/avr8 gcc/native/3.4.1056/avr8-gnu-toolchain/bin/../lib/gcc/avr/4.8.1/avr25\libgcc.a(_copy_data.o)
                              APDS9960.o (__do_copy_data)
c:/program files/atmel/atmel toolchain/avr8 gcc/native/3.4.1056/avr8-gnu-toolchain/bin/../lib/gcc/avr/4.8.1/avr25\libgcc.a(_clear_bss.o)
                              APDS9960.o (__do_clear_bss)
c:/program files/atmel/atmel toolchain/avr8 gcc/native/3.4.1056/avr8-gnu-toolchain/bin/../lib/gcc/avr/4.8.1/avr25\libgcc.a(_udivmodhi4.o)
                              c:/program files/atmel/atmel toolchain/avr8 gcc/native/3.4.1056/avr8-gnu-toolchain/bin/../lib/gcc/avr/4.8.1/avr25\libgcc.a(_divmodhi4.o) (__udivmodhi4)
c:/program files/atmel/atmel toolchain/avr8 gcc/native/3.4.1056/avr8-gnu-toolchain/bin/../lib/gcc/avr/4.8.1/../../../../avr/lib/avr25\libc.a(itoa_ncheck.o)
                              dbg_putchar.o (__itoa_ncheck)
c:/program files/atmel/atmel toolchain/avr8 gcc/native/3.4.1056/avr8-gnu-toolchain/bin/../lib/gcc/avr/4.8.1/../../../../avr/lib/avr25\libc.a(utoa_ncheck.o)
                              c:/program files/atmel/atmel toolchain/avr8 gcc/native/3.4.1056/avr8-gnu-toolchain/bin/../lib/gcc/avr/4.8.1/../../../../avr/lib/avr25\libc.a(itoa_ncheck.o) (__utoa_common)
c:/program files/atmel/atmel toolchain/avr8 gcc/native/3.4.1056/avr8-gnu-toolchain/bin/../lib/gcc/avr/4.8.1/../../../../avr/lib/avr25\libc.a(strrev.o)
                              c:/program files/atmel/atmel toolchain/avr8 gcc/native/3.4.1056/avr8-gnu-toolchain/bin/../lib/gcc/avr/4.8.1/../../../../avr/lib/avr25\libc.a(utoa_ncheck.o) (strrev)

Allocating common symbols
Common symbol       size              file

gesture_ud_count_   0x2               APDS9960.o
test_string         0x5               APDS9960.o
gesture_lr_count_   0x2               APDS9960.o
gesture_state_      0x2               APDS9960.o
gesture_far_count_  0x2               APDS9960.o
gesture_lr_delta_   0x2               APDS9960.o
gesture_ud_delta_   0x2               APDS9960.o
gesture_motion_     0x2               APDS9960.o
gesture_data_       0x84              APDS9960.o
gesture_near_count_
                    0x2               APDS9960.o

Discarded input sections

 .bss           0x00000000        0x0 c:/program files/atmel/atmel toolchain/avr8 gcc/native/3.4.1056/avr8-gnu-toolchain/bin/../lib/gcc/avr/4.8.1/../../../../avr/lib/avr25/crttn85.o
 .text          0x00000000        0x0 APDS9960.o
 .bss           0x00000000        0x0 APDS9960.o
 .text.init_vars
                0x00000000       0x42 APDS9960.o
 .text.wireWriteDataBlock
                0x00000000        0xc APDS9960.o
 .text.disablePower
                0x00000000       0x12 APDS9960.o
 .text.getGestureExitThresh
                0x00000000       0x24 APDS9960.o
 .text.getGestureGain
                0x00000000       0x2e APDS9960.o
 .text.getGestureLEDDrive
                0x00000000       0x2e APDS9960.o
 .text.getGestureWaitTime
                0x00000000       0x28 APDS9960.o
 .text.getGestureIntEnable
                0x00000000       0x2a APDS9960.o
 .text          0x00000000        0x0 dbg_putchar.o
 .bss           0x00000000        0x0 dbg_putchar.o
 .text          0x00000000        0x0 i2csw.o
 .bss           0x00000000        0x0 i2csw.o
 .text.i2ct     0x00000000       0x2e i2csw.o
 .text          0x00000000        0x0 klikaan_klikuit.o
 .bss           0x00000000        0x0 klikaan_klikuit.o
 .text          0x00000000        0x0 Main_flow_sensor_laser.o
 .bss           0x00000000        0x0 Main_flow_sensor_laser.o
 .text.my_delay_ms
                0x00000000        0xc Main_flow_sensor_laser.o
 .text.blink    0x00000000       0xa4 Main_flow_sensor_laser.o
 .text.do_sleep
                0x00000000       0x2a Main_flow_sensor_laser.o
 .text          0x00000000        0x0 c:/program files/atmel/atmel toolchain/avr8 gcc/native/3.4.1056/avr8-gnu-toolchain/bin/../lib/gcc/avr/4.8.1/avr25\libgcc.a(_divmodhi4.o)
 .bss           0x00000000        0x0 c:/program files/atmel/atmel toolchain/avr8 gcc/native/3.4.1056/avr8-gnu-toolchain/bin/../lib/gcc/avr/4.8.1/avr25\libgcc.a(_divmodhi4.o)
 .text.libgcc.mul
                0x00000000        0x0 c:/program files/atmel/atmel toolchain/avr8 gcc/native/3.4.1056/avr8-gnu-toolchain/bin/../lib/gcc/avr/4.8.1/avr25\libgcc.a(_divmodhi4.o)
 .text.libgcc   0x00000000        0x0 c:/program files/atmel/atmel toolchain/avr8 gcc/native/3.4.1056/avr8-gnu-toolchain/bin/../lib/gcc/avr/4.8.1/avr25\libgcc.a(_divmodhi4.o)
 .text.libgcc.prologue
                0x00000000        0x0 c:/program files/atmel/atmel toolchain/avr8 gcc/native/3.4.1056/avr8-gnu-toolchain/bin/../lib/gcc/avr/4.8.1/avr25\libgcc.a(_divmodhi4.o)
 .text.libgcc.builtins
                0x00000000        0x0 c:/program files/atmel/atmel toolchain/avr8 gcc/native/3.4.1056/avr8-gnu-toolchain/bin/../lib/gcc/avr/4.8.1/avr25\libgcc.a(_divmodhi4.o)
 .text.libgcc.fmul
                0x00000000        0x0 c:/program files/atmel/atmel toolchain/avr8 gcc/native/3.4.1056/avr8-gnu-toolchain/bin/../lib/gcc/avr/4.8.1/avr25\libgcc.a(_divmodhi4.o)
 .text.libgcc.fixed
                0x00000000        0x0 c:/program files/atmel/atmel toolchain/avr8 gcc/native/3.4.1056/avr8-gnu-toolchain/bin/../lib/gcc/avr/4.8.1/avr25\libgcc.a(_divmodhi4.o)
 .text          0x00000000        0x0 c:/program files/atmel/atmel toolchain/avr8 gcc/native/3.4.1056/avr8-gnu-toolchain/bin/../lib/gcc/avr/4.8.1/avr25\libgcc.a(_exit.o)
 .bss           0x00000000        0x0 c:/program files/atmel/atmel toolchain/avr8 gcc/native/3.4.1056/avr8-gnu-toolchain/bin/../lib/gcc/avr/4.8.1/avr25\libgcc.a(_exit.o)
 .text.libgcc.mul
                0x00000000        0x0 c:/program files/atmel/atmel toolchain/avr8 gcc/native/3.4.1056/avr8-gnu-toolchain/bin/../lib/gcc/avr/4.8.1/avr25\libgcc.a(_exit.o)
 .text.libgcc.div
                0x00000000        0x0 c:/program files/atmel/atmel toolchain/avr8 gcc/native/3.4.1056/avr8-gnu-toolchain/bin/../lib/gcc/avr/4.8.1/avr25\libgcc.a(_exit.o)
 .text.libgcc   0x00000000        0x0 c:/program files/atmel/atmel toolchain/avr8 gcc/native/3.4.1056/avr8-gnu-toolchain/bin/../lib/gcc/avr/4.8.1/avr25\libgcc.a(_exit.o)
 .text.libgcc.prologue
                0x00000000        0x0 c:/program files/atmel/atmel toolchain/avr8 gcc/native/3.4.1056/avr8-gnu-toolchain/bin/../lib/gcc/avr/4.8.1/avr25\libgcc.a(_exit.o)
 .text.libgcc.builtins
                0x00000000        0x0 c:/program files/atmel/atmel toolchain/avr8 gcc/native/3.4.1056/avr8-gnu-toolchain/bin/../lib/gcc/avr/4.8.1/avr25\libgcc.a(_exit.o)
 .text.libgcc.fmul
                0x00000000        0x0 c:/program files/atmel/atmel toolchain/avr8 gcc/native/3.4.1056/avr8-gnu-toolchain/bin/../lib/gcc/avr/4.8.1/avr25\libgcc.a(_exit.o)
 .text.libgcc.fixed
                0x00000000        0x0 c:/program files/atmel/atmel toolchain/avr8 gcc/native/3.4.1056/avr8-gnu-toolchain/bin/../lib/gcc/avr/4.8.1/avr25\libgcc.a(_exit.o)
 .text          0x00000000        0x0 c:/program files/atmel/atmel toolchain/avr8 gcc/native/3.4.1056/avr8-gnu-toolchain/bin/../lib/gcc/avr/4.8.1/avr25\libgcc.a(_copy_data.o)
 .bss           0x00000000        0x0 c:/program files/atmel/atmel toolchain/avr8 gcc/native/3.4.1056/avr8-gnu-toolchain/bin/../lib/gcc/avr/4.8.1/avr25\libgcc.a(_copy_data.o)
 .text.libgcc.mul
                0x00000000        0x0 c:/program files/atmel/atmel toolchain/avr8 gcc/native/3.4.1056/avr8-gnu-toolchain/bin/../lib/gcc/avr/4.8.1/avr25\libgcc.a(_copy_data.o)
 .text.libgcc.div
                0x00000000        0x0 c:/program files/atmel/atmel toolchain/avr8 gcc/native/3.4.1056/avr8-gnu-toolchain/bin/../lib/gcc/avr/4.8.1/avr25\libgcc.a(_copy_data.o)
 .text.libgcc   0x00000000        0x0 c:/program files/atmel/atmel toolchain/avr8 gcc/native/3.4.1056/avr8-gnu-toolchain/bin/../lib/gcc/avr/4.8.1/avr25\libgcc.a(_copy_data.o)
 .text.libgcc.prologue
                0x00000000        0x0 c:/program files/atmel/atmel toolchain/avr8 gcc/native/3.4.1056/avr8-gnu-toolchain/bin/../lib/gcc/avr/4.8.1/avr25\libgcc.a(_copy_data.o)
 .text.libgcc.builtins
                0x00000000        0x0 c:/program files/atmel/atmel toolchain/avr8 gcc/native/3.4.1056/avr8-gnu-toolchain/bin/../lib/gcc/avr/4.8.1/avr25\libgcc.a(_copy_data.o)
 .text.libgcc.fmul
                0x00000000        0x0 c:/program files/atmel/atmel toolchain/avr8 gcc/native/3.4.1056/avr8-gnu-toolchain/bin/../lib/gcc/avr/4.8.1/avr25\libgcc.a(_copy_data.o)
 .text.libgcc.fixed
                0x00000000        0x0 c:/program files/atmel/atmel toolchain/avr8 gcc/native/3.4.1056/avr8-gnu-toolchain/bin/../lib/gcc/avr/4.8.1/avr25\libgcc.a(_copy_data.o)
 .text          0x00000000        0x0 c:/program files/atmel/atmel toolchain/avr8 gcc/native/3.4.1056/avr8-gnu-toolchain/bin/../lib/gcc/avr/4.8.1/avr25\libgcc.a(_clear_bss.o)
 .bss           0x00000000        0x0 c:/program files/atmel/atmel toolchain/avr8 gcc/native/3.4.1056/avr8-gnu-toolchain/bin/../lib/gcc/avr/4.8.1/avr25\libgcc.a(_clear_bss.o)
 .text.libgcc.mul
                0x00000000        0x0 c:/program files/atmel/atmel toolchain/avr8 gcc/native/3.4.1056/avr8-gnu-toolchain/bin/../lib/gcc/avr/4.8.1/avr25\libgcc.a(_clear_bss.o)
 .text.libgcc.div
                0x00000000        0x0 c:/program files/atmel/atmel toolchain/avr8 gcc/native/3.4.1056/avr8-gnu-toolchain/bin/../lib/gcc/avr/4.8.1/avr25\libgcc.a(_clear_bss.o)
 .text.libgcc   0x00000000        0x0 c:/program files/atmel/atmel toolchain/avr8 gcc/native/3.4.1056/avr8-gnu-toolchain/bin/../lib/gcc/avr/4.8.1/avr25\libgcc.a(_clear_bss.o)
 .text.libgcc.prologue
                0x00000000        0x0 c:/program files/atmel/atmel toolchain/avr8 gcc/native/3.4.1056/avr8-gnu-toolchain/bin/../lib/gcc/avr/4.8.1/avr25\libgcc.a(_clear_bss.o)
 .text.libgcc.builtins
                0x00000000        0x0 c:/program files/atmel/atmel toolchain/avr8 gcc/native/3.4.1056/avr8-gnu-toolchain/bin/../lib/gcc/avr/4.8.1/avr25\libgcc.a(_clear_bss.o)
 .text.libgcc.fmul
                0x00000000        0x0 c:/program files/atmel/atmel toolchain/avr8 gcc/native/3.4.1056/avr8-gnu-toolchain/bin/../lib/gcc/avr/4.8.1/avr25\libgcc.a(_clear_bss.o)
 .text.libgcc.fixed
                0x00000000        0x0 c:/program files/atmel/atmel toolchain/avr8 gcc/native/3.4.1056/avr8-gnu-toolchain/bin/../lib/gcc/avr/4.8.1/avr25\libgcc.a(_clear_bss.o)
 .text          0x00000000        0x0 c:/program files/atmel/atmel toolchain/avr8 gcc/native/3.4.1056/avr8-gnu-toolchain/bin/../lib/gcc/avr/4.8.1/avr25\libgcc.a(_udivmodhi4.o)
 .bss           0x00000000        0x0 c:/program files/atmel/atmel toolchain/avr8 gcc/native/3.4.1056/avr8-gnu-toolchain/bin/../lib/gcc/avr/4.8.1/avr25\libgcc.a(_udivmodhi4.o)
 .text.libgcc.mul
                0x00000000        0x0 c:/program files/atmel/atmel toolchain/avr8 gcc/native/3.4.1056/avr8-gnu-toolchain/bin/../lib/gcc/avr/4.8.1/avr25\libgcc.a(_udivmodhi4.o)
 .text.libgcc   0x00000000        0x0 c:/program files/atmel/atmel toolchain/avr8 gcc/native/3.4.1056/avr8-gnu-toolchain/bin/../lib/gcc/avr/4.8.1/avr25\libgcc.a(_udivmodhi4.o)
 .text.libgcc.prologue
                0x00000000        0x0 c:/program files/atmel/atmel toolchain/avr8 gcc/native/3.4.1056/avr8-gnu-toolchain/bin/../lib/gcc/avr/4.8.1/avr25\libgcc.a(_udivmodhi4.o)
 .text.libgcc.builtins
                0x00000000        0x0 c:/program files/atmel/atmel toolchain/avr8 gcc/native/3.4.1056/avr8-gnu-toolchain/bin/../lib/gcc/avr/4.8.1/avr25\libgcc.a(_udivmodhi4.o)
 .text.libgcc.fmul
                0x00000000        0x0 c:/program files/atmel/atmel toolchain/avr8 gcc/native/3.4.1056/avr8-gnu-toolchain/bin/../lib/gcc/avr/4.8.1/avr25\libgcc.a(_udivmodhi4.o)
 .text.libgcc.fixed
                0x00000000        0x0 c:/program files/atmel/atmel toolchain/avr8 gcc/native/3.4.1056/avr8-gnu-toolchain/bin/../lib/gcc/avr/4.8.1/avr25\libgcc.a(_udivmodhi4.o)
 .text          0x00000000        0x0 c:/program files/atmel/atmel toolchain/avr8 gcc/native/3.4.1056/avr8-gnu-toolchain/bin/../lib/gcc/avr/4.8.1/../../../../avr/lib/avr25\libc.a(itoa_ncheck.o)
 .bss           0x00000000        0x0 c:/program files/atmel/atmel toolchain/avr8 gcc/native/3.4.1056/avr8-gnu-toolchain/bin/../lib/gcc/avr/4.8.1/../../../../avr/lib/avr25\libc.a(itoa_ncheck.o)
 .text          0x00000000        0x0 c:/program files/atmel/atmel toolchain/avr8 gcc/native/3.4.1056/avr8-gnu-toolchain/bin/../lib/gcc/avr/4.8.1/../../../../avr/lib/avr25\libc.a(utoa_ncheck.o)
 .bss           0x00000000        0x0 c:/program files/atmel/atmel toolchain/avr8 gcc/native/3.4.1056/avr8-gnu-toolchain/bin/../lib/gcc/avr/4.8.1/../../../../avr/lib/avr25\libc.a(utoa_ncheck.o)
 .text          0x00000000        0x0 c:/program files/atmel/atmel toolchain/avr8 gcc/native/3.4.1056/avr8-gnu-toolchain/bin/../lib/gcc/avr/4.8.1/../../../../avr/lib/avr25\libc.a(strrev.o)
 .bss           0x00000000        0x0 c:/program files/atmel/atmel toolchain/avr8 gcc/native/3.4.1056/avr8-gnu-toolchain/bin/../lib/gcc/avr/4.8.1/../../../../avr/lib/avr25\libc.a(strrev.o)

Memory Configuration

Name             Origin             Length             Attributes
text             0x00000000         0x00002000         xr
data             0x00800060         0x0000ffa0         rw !x
eeprom           0x00810000         0x00010000         rw !x
fuse             0x00820000         0x00000400         rw !x
lock             0x00830000         0x00000400         rw !x
signature        0x00840000         0x00000400         rw !x
user_signatures  0x00850000         0x00000400         rw !x
*default*        0x00000000         0xffffffff

Linker script and memory map

LOAD c:/program files/atmel/atmel toolchain/avr8 gcc/native/3.4.1056/avr8-gnu-toolchain/bin/../lib/gcc/avr/4.8.1/../../../../avr/lib/avr25/crttn85.o
LOAD APDS9960.o
LOAD dbg_putchar.o
LOAD i2csw.o
LOAD klikaan_klikuit.o
LOAD Main_flow_sensor_laser.o
START GROUP
LOAD c:/program files/atmel/atmel toolchain/avr8 gcc/native/3.4.1056/avr8-gnu-toolchain/bin/../lib/gcc/avr/4.8.1/../../../../avr/lib/avr25\libm.a
END GROUP
START GROUP
LOAD c:/program files/atmel/atmel toolchain/avr8 gcc/native/3.4.1056/avr8-gnu-toolchain/bin/../lib/gcc/avr/4.8.1/avr25\libgcc.a
LOAD c:/program files/atmel/atmel toolchain/avr8 gcc/native/3.4.1056/avr8-gnu-toolchain/bin/../lib/gcc/avr/4.8.1/../../../../avr/lib/avr25\libm.a
LOAD c:/program files/atmel/atmel toolchain/avr8 gcc/native/3.4.1056/avr8-gnu-toolchain/bin/../lib/gcc/avr/4.8.1/../../../../avr/lib/avr25\libc.a
END GROUP

.hash
 *(.hash)

.dynsym
 *(.dynsym)

.dynstr
 *(.dynstr)

.gnu.version
 *(.gnu.version)

.gnu.version_d
 *(.gnu.version_d)

.gnu.version_r
 *(.gnu.version_r)

.rel.init
 *(.rel.init)

.rela.init
 *(.rela.init)

.rel.text
 *(.rel.text)
 *(.rel.text.*)
 *(.rel.gnu.linkonce.t*)

.rela.text
 *(.rela.text)
 *(.rela.text.*)
 *(.rela.gnu.linkonce.t*)

.rel.fini
 *(.rel.fini)

.rela.fini
 *(.rela.fini)

.rel.rodata
 *(.rel.rodata)
 *(.rel.rodata.*)
 *(.rel.gnu.linkonce.r*)

.rela.rodata
 *(.rela.rodata)
 *(.rela.rodata.*)
 *(.rela.gnu.linkonce.r*)

.rel.data
 *(.rel.data)
 *(.rel.data.*)
 *(.rel.gnu.linkonce.d*)

.rela.data
 *(.rela.data)
 *(.rela.data.*)
 *(.rela.gnu.linkonce.d*)

.rel.ctors
 *(.rel.ctors)

.rela.ctors
 *(.rela.ctors)

.rel.dtors
 *(.rel.dtors)

.rela.dtors
 *(.rela.dtors)

.rel.got
 *(.rel.got)

.rela.got
 *(.rela.got)

.rel.bss
 *(.rel.bss)

.rela.bss
 *(.rela.bss)

.rel.plt
 *(.rel.plt)

.rela.plt
 *(.rela.plt)

.text           0x00000000     0x199a
 *(.vectors)
 .vectors       0x00000000       0x1e c:/program files/atmel/atmel toolchain/avr8 gcc/native/3.4.1056/avr8-gnu-toolchain/bin/../lib/gcc/avr/4.8.1/../../../../avr/lib/avr25/crttn85.o
                0x00000000                __vector_default
                0x00000000                __vectors
 *(.vectors)
 *(.progmem.gcc*)
                0x0000001e                . = ALIGN (0x2)
                0x0000001e                __trampolines_start = .
 *(.trampolines)
 .trampolines   0x0000001e        0x0 linker stubs
 *(.trampolines*)
                0x0000001e                __trampolines_end = .
 *(.progmem*)
 .progmem.data.codes
                0x0000001e       0x82 klikaan_klikuit.o
                0x0000001e                codes
 .progmem.data.__c.2089
                0x000000a0       0x2e Main_flow_sensor_laser.o
 .progmem.data.__c.2071
                0x000000ce        0xb Main_flow_sensor_laser.o
 .progmem.data.__c.2069
                0x000000d9       0x31 Main_flow_sensor_laser.o
 .progmem.data.__c.2067
                0x0000010a       0x1d Main_flow_sensor_laser.o
 .progmem.data.__c.2065
                0x00000127       0x18 Main_flow_sensor_laser.o
 .progmem.data.__c.2063
                0x0000013f       0x1a Main_flow_sensor_laser.o
                0x0000015a                . = ALIGN (0x2)
 *fill*         0x00000159        0x1 
 *(.jumptables)
 *(.jumptables*)
 *(.lowtext)
 *(.lowtext*)
                0x0000015a                __ctors_start = .
 *(.ctors)
                0x0000015a                __ctors_end = .
                0x0000015a                __dtors_start = .
 *(.dtors)
                0x0000015a                __dtors_end = .
 SORT(*)(.ctors)
 SORT(*)(.dtors)
 *(.init0)
 .init0         0x0000015a        0x0 c:/program files/atmel/atmel toolchain/avr8 gcc/native/3.4.1056/avr8-gnu-toolchain/bin/../lib/gcc/avr/4.8.1/../../../../avr/lib/avr25/crttn85.o
                0x0000015a                __init
 *(.init0)
 *(.init1)
 *(.init1)
 *(.init2)
 .init2         0x0000015a        0xc c:/program files/atmel/atmel toolchain/avr8 gcc/native/3.4.1056/avr8-gnu-toolchain/bin/../lib/gcc/avr/4.8.1/../../../../avr/lib/avr25/crttn85.o
 *(.init2)
 *(.init3)
 *(.init3)
 *(.init4)
 .init4         0x00000166       0x16 c:/program files/atmel/atmel toolchain/avr8 gcc/native/3.4.1056/avr8-gnu-toolchain/bin/../lib/gcc/avr/4.8.1/avr25\libgcc.a(_copy_data.o)
                0x00000166                __do_copy_data
 .init4         0x0000017c       0x10 c:/program files/atmel/atmel toolchain/avr8 gcc/native/3.4.1056/avr8-gnu-toolchain/bin/../lib/gcc/avr/4.8.1/avr25\libgcc.a(_clear_bss.o)
                0x0000017c                __do_clear_bss
 *(.init4)
 *(.init5)
 *(.init5)
 *(.init6)
 *(.init6)
 *(.init7)
 *(.init7)
 *(.init8)
 *(.init8)
 *(.init9)
 .init9         0x0000018c        0x4 c:/program files/atmel/atmel toolchain/avr8 gcc/native/3.4.1056/avr8-gnu-toolchain/bin/../lib/gcc/avr/4.8.1/../../../../avr/lib/avr25/crttn85.o
 *(.init9)
 *(.text)
 .text          0x00000190        0x2 c:/program files/atmel/atmel toolchain/avr8 gcc/native/3.4.1056/avr8-gnu-toolchain/bin/../lib/gcc/avr/4.8.1/../../../../avr/lib/avr25/crttn85.o
                0x00000190                __vector_12
                0x00000190                __bad_interrupt
                0x00000190                __vector_6
                0x00000190                __vector_3
                0x00000190                __vector_11
                0x00000190                __vector_13
                0x00000190                __vector_7
                0x00000190                __vector_5
                0x00000190                __vector_4
                0x00000190                __vector_9
                0x00000190                __vector_2
                0x00000190                __vector_8
                0x00000190                __vector_14
                0x00000192                . = ALIGN (0x2)
 *(.text.*)
 .text.resetGestureParameters
                0x00000192       0x4a APDS9960.o
                0x00000192                resetGestureParameters
 .text.processGestureData
                0x000001dc      0x538 APDS9960.o
                0x000001dc                processGestureData
 .text.decodeGesture
                0x00000714      0x23a APDS9960.o
                0x00000714                decodeGesture
 .text.wireWriteByte
                0x0000094e       0x16 APDS9960.o
                0x0000094e                wireWriteByte
 .text.wireWriteDataByte
                0x00000964       0x24 APDS9960.o
                0x00000964                wireWriteDataByte
 .text.setGestureEnterThresh
                0x00000988       0x12 APDS9960.o
                0x00000988                setGestureEnterThresh
 .text.setGestureExitThresh
                0x0000099a       0x12 APDS9960.o
                0x0000099a                setGestureExitThresh
 .text.setProxIntLowThresh
                0x000009ac       0x12 APDS9960.o
                0x000009ac                setProxIntLowThresh
 .text.setProxIntHighThresh
                0x000009be       0x12 APDS9960.o
                0x000009be                setProxIntHighThresh
 .text.setLightIntLowThreshold
                0x000009d0       0x26 APDS9960.o
                0x000009d0                setLightIntLowThreshold
 .text.setLightIntHighThreshold
                0x000009f6       0x26 APDS9960.o
                0x000009f6                setLightIntHighThreshold
 .text.wireReadDataByte
                0x00000a1c       0x28 APDS9960.o
                0x00000a1c                wireReadDataByte
 .text.getMode  0x00000a44       0x26 APDS9960.o
                0x00000a44                getMode
 .text.setMode  0x00000a6a       0x6a APDS9960.o
                0x00000a6a                setMode
 .text.enablePower
                0x00000ad4       0x12 APDS9960.o
                0x00000ad4                enablePower
 .text.setGestureGain
                0x00000ae6       0x4a APDS9960.o
                0x00000ae6                setGestureGain
 .text.setGestureLEDDrive
                0x00000b30       0x4a APDS9960.o
                0x00000b30                setGestureLEDDrive
 .text.setGestureWaitTime
                0x00000b7a       0x42 APDS9960.o
                0x00000b7a                setGestureWaitTime
 .text.setGestureIntEnable
                0x00000bbc       0x46 APDS9960.o
                0x00000bbc                setGestureIntEnable
 .text.setLEDBoost
                0x00000c02       0x48 APDS9960.o
                0x00000c02                setLEDBoost
 .text.setGestureMode
                0x00000c4a       0x40 APDS9960.o
                0x00000c4a                setGestureMode
 .text.enableGestureSensor
                0x00000c8a       0x92 APDS9960.o
                0x00000c8a                enableGestureSensor
 .text.isGestureAvailable
                0x00000d1c       0x2e APDS9960.o
                0x00000d1c                isGestureAvailable
 .text.setProximityGain
                0x00000d4a       0x48 APDS9960.o
                0x00000d4a                setProximityGain
 .text.setLEDDrive
                0x00000d92       0x48 APDS9960.o
                0x00000d92                setLEDDrive
 .text.setAmbientLightGain
                0x00000dda       0x42 APDS9960.o
                0x00000dda                setAmbientLightGain
 .text.init_apds
                0x00000e1c      0x206 APDS9960.o
                0x00000e1c                init_apds
 .text.wireReadDataBlock
                0x00001022        0xe APDS9960.o
                0x00001022                wireReadDataBlock
 .text.readGesture
                0x00001030      0x262 APDS9960.o
                0x00001030                readGesture
 .text.dbg_putchar
                0x00001292       0x36 dbg_putchar.o
                0x00001292                dbg_putchar
 .text.uart_puts
                0x000012c8       0x1c dbg_putchar.o
                0x000012c8                uart_puts
 .text.uart_puts_p
                0x000012e4       0x22 dbg_putchar.o
                0x000012e4                uart_puts_p
 .text.uart_put_byte
                0x00001306       0x2a dbg_putchar.o
                0x00001306                uart_put_byte
 .text.i2cstart
                0x00001330       0x10 i2csw.o
                0x00001330                i2cstart
 .text.i2cstop  0x00001340       0x38 i2csw.o
                0x00001340                i2cstop
 .text.i2cPutbyte
                0x00001378       0xa6 i2csw.o
                0x00001378                i2cPutbyte
 .text.i2cGetbyte
                0x0000141e       0x84 i2csw.o
                0x0000141e                i2cGetbyte
 .text.i2cInit  0x000014a2        0xa i2csw.o
                0x000014a2                i2cInit
 .text.i2cSend  0x000014ac       0x7a i2csw.o
                0x000014ac                i2cSend
 .text.i2cReceive
                0x00001526       0xd2 i2csw.o
                0x00001526                i2cReceive
 .text.__vector_10
                0x000015f8       0xb2 klikaan_klikuit.o
                0x000015f8                __vector_10
 .text.init_klikaan_klikuit
                0x000016aa       0x24 klikaan_klikuit.o
                0x000016aa                init_klikaan_klikuit
 .text.send_klikaan_klikuit
                0x000016ce       0x3e klikaan_klikuit.o
                0x000016ce                send_klikaan_klikuit
 .text.__vector_1
                0x0000170c       0x1e Main_flow_sensor_laser.o
                0x0000170c                __vector_1
 .text.init_IO  0x0000172a        0x4 Main_flow_sensor_laser.o
                0x0000172a                init_IO
 .text.init_interrupt
                0x0000172e       0x10 Main_flow_sensor_laser.o
                0x0000172e                init_interrupt
 .text.klikaan_klikuit_off
                0x0000173e       0x34 Main_flow_sensor_laser.o
                0x0000173e                klikaan_klikuit_off
 .text.disable_gesture_int
                0x00001772       0x14 Main_flow_sensor_laser.o
                0x00001772                disable_gesture_int
 .text.send_start_settings
                0x00001786        0x8 Main_flow_sensor_laser.o
                0x00001786                send_start_settings
 .text.handleGesture
                0x0000178e       0xfe Main_flow_sensor_laser.o
                0x0000178e                handleGesture
 .text.main     0x0000188c       0x56 Main_flow_sensor_laser.o
                0x0000188c                main
 .text.libgcc.div
                0x000018e2       0x26 c:/program files/atmel/atmel toolchain/avr8 gcc/native/3.4.1056/avr8-gnu-toolchain/bin/../lib/gcc/avr/4.8.1/avr25\libgcc.a(_divmodhi4.o)
                0x000018e2                _div
                0x000018e2                __divmodhi4
 .text.libgcc.div
                0x00001908       0x28 c:/program files/atmel/atmel toolchain/avr8 gcc/native/3.4.1056/avr8-gnu-toolchain/bin/../lib/gcc/avr/4.8.1/avr25\libgcc.a(_udivmodhi4.o)
                0x00001908                __udivmodhi4
 .text.avr-libc
                0x00001930       0x14 c:/program files/atmel/atmel toolchain/avr8 gcc/native/3.4.1056/avr8-gnu-toolchain/bin/../lib/gcc/avr/4.8.1/../../../../avr/lib/avr25\libc.a(itoa_ncheck.o)
                0x00001930                __itoa_ncheck
 .text.avr-libc
                0x00001944       0x32 c:/program files/atmel/atmel toolchain/avr8 gcc/native/3.4.1056/avr8-gnu-toolchain/bin/../lib/gcc/avr/4.8.1/../../../../avr/lib/avr25\libc.a(utoa_ncheck.o)
                0x00001944                __utoa_ncheck
                0x00001946                __utoa_common
 .text.avr-libc
                0x00001976       0x20 c:/program files/atmel/atmel toolchain/avr8 gcc/native/3.4.1056/avr8-gnu-toolchain/bin/../lib/gcc/avr/4.8.1/../../../../avr/lib/avr25\libc.a(strrev.o)
                0x00001976                strrev
                0x00001996                . = ALIGN (0x2)
 *(.fini9)
 .fini9         0x00001996        0x0 c:/program files/atmel/atmel toolchain/avr8 gcc/native/3.4.1056/avr8-gnu-toolchain/bin/../lib/gcc/avr/4.8.1/avr25\libgcc.a(_exit.o)
                0x00001996                _exit
                0x00001996                exit
 *(.fini9)
 *(.fini8)
 *(.fini8)
 *(.fini7)
 *(.fini7)
 *(.fini6)
 *(.fini6)
 *(.fini5)
 *(.fini5)
 *(.fini4)
 *(.fini4)
 *(.fini3)
 *(.fini3)
 *(.fini2)
 *(.fini2)
 *(.fini1)
 *(.fini1)
 *(.fini0)
 .fini0         0x00001996        0x4 c:/program files/atmel/atmel toolchain/avr8 gcc/native/3.4.1056/avr8-gnu-toolchain/bin/../lib/gcc/avr/4.8.1/avr25\libgcc.a(_exit.o)
 *(.fini0)
                0x0000199a                _etext = .

.data           0x00800060      0x154 load address 0x0000199a
                0x00800060                PROVIDE (__data_start, .)
 *(.data)
 .data          0x00800060        0x0 c:/program files/atmel/atmel toolchain/avr8 gcc/native/3.4.1056/avr8-gnu-toolchain/bin/../lib/gcc/avr/4.8.1/../../../../avr/lib/avr25/crttn85.o
 .data          0x00800060        0x0 APDS9960.o
 .data          0x00800060        0x0 dbg_putchar.o
 .data          0x00800060        0x0 i2csw.o
 .data          0x00800060        0x0 klikaan_klikuit.o
 .data          0x00800060        0x0 Main_flow_sensor_laser.o
 .data          0x00800060        0x0 c:/program files/atmel/atmel toolchain/avr8 gcc/native/3.4.1056/avr8-gnu-toolchain/bin/../lib/gcc/avr/4.8.1/avr25\libgcc.a(_divmodhi4.o)
 .data          0x00800060        0x0 c:/program files/atmel/atmel toolchain/avr8 gcc/native/3.4.1056/avr8-gnu-toolchain/bin/../lib/gcc/avr/4.8.1/avr25\libgcc.a(_exit.o)
 .data          0x00800060        0x0 c:/program files/atmel/atmel toolchain/avr8 gcc/native/3.4.1056/avr8-gnu-toolchain/bin/../lib/gcc/avr/4.8.1/avr25\libgcc.a(_copy_data.o)
 .data          0x00800060        0x0 c:/program files/atmel/atmel toolchain/avr8 gcc/native/3.4.1056/avr8-gnu-toolchain/bin/../lib/gcc/avr/4.8.1/avr25\libgcc.a(_clear_bss.o)
 .data          0x00800060        0x0 c:/program files/atmel/atmel toolchain/avr8 gcc/native/3.4.1056/avr8-gnu-toolchain/bin/../lib/gcc/avr/4.8.1/avr25\libgcc.a(_udivmodhi4.o)
 .data          0x00800060        0x0 c:/program files/atmel/atmel toolchain/avr8 gcc/native/3.4.1056/avr8-gnu-toolchain/bin/../lib/gcc/avr/4.8.1/../../../../avr/lib/avr25\libc.a(itoa_ncheck.o)
 .data          0x00800060        0x0 c:/program files/atmel/atmel toolchain/avr8 gcc/native/3.4.1056/avr8-gnu-toolchain/bin/../lib/gcc/avr/4.8.1/../../../../avr/lib/avr25\libc.a(utoa_ncheck.o)
 .data          0x00800060        0x0 c:/program files/atmel/atmel toolchain/avr8 gcc/native/3.4.1056/avr8-gnu-toolchain/bin/../lib/gcc/avr/4.8.1/../../../../avr/lib/avr25\libc.a(strrev.o)
 *(.data*)
 *(.rodata)
 *(.rodata*)
 .rodata.str1.1
                0x00800060       0xdd APDS9960.o
                                 0xe1 (size before relaxing)
 .rodata.str1.1
                0x0080013d       0x77 Main_flow_sensor_laser.o
 *(.gnu.linkonce.d*)
                0x008001b4                . = ALIGN (0x2)
                0x008001b4                _edata = .
                0x008001b4                PROVIDE (__data_end, .)

.bss            0x008001b4       0xa4
                0x008001b4                PROVIDE (__bss_start, .)
 *(.bss)
 *(.bss*)
 .bss.init_klikaan_klikuit_flag
                0x008001b4        0x1 klikaan_klikuit.o
                0x008001b4                init_klikaan_klikuit_flag
 .bss.sending   0x008001b5        0x1 klikaan_klikuit.o
                0x008001b5                sending
 .bss.code_to_send
                0x008001b6        0x1 klikaan_klikuit.o
                0x008001b6                code_to_send
 .bss.byte_counter
                0x008001b7        0x1 klikaan_klikuit.o
                0x008001b7                byte_counter
 .bss.bit_counter
                0x008001b8        0x1 klikaan_klikuit.o
                0x008001b8                bit_counter
 .bss.e_flag    0x008001b9        0x1 Main_flow_sensor_laser.o
                0x008001b9                e_flag
 .bss.d_flag    0x008001ba        0x1 Main_flow_sensor_laser.o
                0x008001ba                d_flag
 .bss.c_flag    0x008001bb        0x1 Main_flow_sensor_laser.o
                0x008001bb                c_flag
 .bss.b_flag    0x008001bc        0x1 Main_flow_sensor_laser.o
                0x008001bc                b_flag
 .bss.a_flag    0x008001bd        0x1 Main_flow_sensor_laser.o
                0x008001bd                a_flag
 .bss.int_flag  0x008001be        0x1 Main_flow_sensor_laser.o
                0x008001be                int_flag
 *(COMMON)
 COMMON         0x008001bf       0x99 APDS9960.o
                0x008001bf                gesture_ud_count_
                0x008001c1                test_string
                0x008001c6                gesture_lr_count_
                0x008001c8                gesture_state_
                0x008001ca                gesture_far_count_
                0x008001cc                gesture_lr_delta_
                0x008001ce                gesture_ud_delta_
                0x008001d0                gesture_motion_
                0x008001d2                gesture_data_
                0x00800256                gesture_near_count_
                0x00800258                PROVIDE (__bss_end, .)
                0x0000199a                __data_load_start = LOADADDR (.data)
                0x00001aee                __data_load_end = (__data_load_start + SIZEOF (.data))

.noinit         0x00800258        0x0
                0x00800258                PROVIDE (__noinit_start, .)
 *(.noinit*)
                0x00800258                PROVIDE (__noinit_end, .)
                0x00800258                _end = .
                0x00800258                PROVIDE (__heap_start, .)

.eeprom         0x00810000        0x0
 *(.eeprom*)
                0x00810000                __eeprom_end = .

.fuse
 *(.fuse)
 *(.lfuse)
 *(.hfuse)
 *(.efuse)

.lock
 *(.lock*)

.signature
 *(.signature*)

.user_signatures
 *(.user_signatures*)

.stab
 *(.stab)

.stabstr
 *(.stabstr)

.stab.excl
 *(.stab.excl)

.stab.exclstr
 *(.stab.exclstr)

.stab.index
 *(.stab.index)

.stab.indexstr
 *(.stab.indexstr)

.comment        0x00000000       0x30
 *(.comment)
 .comment       0x00000000       0x30 APDS9960.o
                                 0x31 (size before relaxing)
 .comment       0x00000000       0x31 dbg_putchar.o
 .comment       0x00000000       0x31 i2csw.o
 .comment       0x00000000       0x31 klikaan_klikuit.o
 .comment       0x00000000       0x31 Main_flow_sensor_laser.o

.note.gnu.build-id
 *(.note.gnu.build-id)

.debug
 *(.debug)

.line
 *(.line)

.debug_srcinfo
 *(.debug_srcinfo)

.debug_sfnames
 *(.debug_sfnames)

.debug_aranges  0x00000000      0x270
 *(.debug_aranges)
 .debug_aranges
                0x00000000      0x140 APDS9960.o
 .debug_aranges
                0x00000140       0x38 dbg_putchar.o
 .debug_aranges
                0x00000178       0x58 i2csw.o
 .debug_aranges
                0x000001d0       0x30 klikaan_klikuit.o
 .debug_aranges
                0x00000200       0x70 Main_flow_sensor_laser.o

.debug_pubnames
 *(.debug_pubnames)

.debug_info     0x00000000     0x2c5d
 *(.debug_info .gnu.linkonce.wi.*)
 .debug_info    0x00000000     0x1ac0 APDS9960.o
 .debug_info    0x00001ac0      0x2b7 dbg_putchar.o
 .debug_info    0x00001d77      0x2bd i2csw.o
 .debug_info    0x00002034      0x247 klikaan_klikuit.o
 .debug_info    0x0000227b      0x9e2 Main_flow_sensor_laser.o

.debug_abbrev   0x00000000      0x9d8
 *(.debug_abbrev)
 .debug_abbrev  0x00000000      0x33c APDS9960.o
 .debug_abbrev  0x0000033c      0x1a6 dbg_putchar.o
 .debug_abbrev  0x000004e2      0x113 i2csw.o
 .debug_abbrev  0x000005f5      0x14e klikaan_klikuit.o
 .debug_abbrev  0x00000743      0x295 Main_flow_sensor_laser.o

.debug_line     0x00000000      0xd5e
 *(.debug_line .debug_line.* .debug_line_end)
 .debug_line    0x00000000      0x6f6 APDS9960.o
 .debug_line    0x000006f6      0x107 dbg_putchar.o
 .debug_line    0x000007fd      0x170 i2csw.o
 .debug_line    0x0000096d      0x172 klikaan_klikuit.o
 .debug_line    0x00000adf      0x27f Main_flow_sensor_laser.o

.debug_frame    0x00000000      0x770
 *(.debug_frame)
 .debug_frame   0x00000000      0x4cc APDS9960.o
 .debug_frame   0x000004cc       0x7c dbg_putchar.o
 .debug_frame   0x00000548       0xd8 i2csw.o
 .debug_frame   0x00000620       0x70 klikaan_klikuit.o
 .debug_frame   0x00000690       0xe0 Main_flow_sensor_laser.o

.debug_str      0x00000000      0x95f
 *(.debug_str)
 .debug_str     0x00000000      0x71a APDS9960.o
                                0x767 (size before relaxing)
 .debug_str     0x0000071a       0x77 dbg_putchar.o
                                0x239 (size before relaxing)
 .debug_str     0x00000791       0x33 i2csw.o
                                0x222 (size before relaxing)
 .debug_str     0x000007c4       0xaa klikaan_klikuit.o
                                0x291 (size before relaxing)
 .debug_str     0x0000086e       0xf1 Main_flow_sensor_laser.o
                                0x4c0 (size before relaxing)

.debug_loc      0x00000000     0x1edf
 *(.debug_loc)
 .debug_loc     0x00000000     0x1461 APDS9960.o
 .debug_loc     0x00001461      0x245 dbg_putchar.o
 .debug_loc     0x000016a6      0x3a5 i2csw.o
 .debug_loc     0x00001a4b      0x14b klikaan_klikuit.o
 .debug_loc     0x00001b96      0x349 Main_flow_sensor_laser.o

.debug_macinfo
 *(.debug_macinfo)

.debug_weaknames
 *(.debug_weaknames)

.debug_funcnames
 *(.debug_funcnames)

.debug_typenames
 *(.debug_typenames)

.debug_varnames
 *(.debug_varnames)

.debug_pubtypes
 *(.debug_pubtypes)

.debug_ranges   0x00000000      0x268
 *(.debug_ranges)
 .debug_ranges  0x00000000      0x130 APDS9960.o
 .debug_ranges  0x00000130       0x40 dbg_putchar.o
 .debug_ranges  0x00000170       0x48 i2csw.o
 .debug_ranges  0x000001b8       0x20 klikaan_klikuit.o
 .debug_ranges  0x000001d8       0x90 Main_flow_sensor_laser.o

.debug_macro
 *(.debug_macro)
OUTPUT(Main_flow_sensor_laser.elf elf32-avr)
LOAD linker stubs
