Archive member included because of file (symbol)

c:/program files/atmel/atmel toolchain/avr8 gcc/native/3.4.1056/avr8-gnu-toolchain/bin/../lib/gcc/avr/4.8.1/avr25\libgcc.a(_divmodhi4.o)
                              APDS9960.o (__divmodhi4)
c:/program files/atmel/atmel toolchain/avr8 gcc/native/3.4.1056/avr8-gnu-toolchain/bin/../lib/gcc/avr/4.8.1/avr25\libgcc.a(_exit.o)
                              c:/program files/atmel/atmel toolchain/avr8 gcc/native/3.4.1056/avr8-gnu-toolchain/bin/../lib/gcc/avr/4.8.1/../../../../avr/lib/avr25/crttn85.o (exit)
c:/program files/atmel/atmel toolchain/avr8 gcc/native/3.4.1056/avr8-gnu-toolchain/bin/../lib/gcc/avr/4.8.1/avr25\libgcc.a(_copy_data.o)
                              Main_flow_sensor_laser.o (__do_copy_data)
c:/program files/atmel/atmel toolchain/avr8 gcc/native/3.4.1056/avr8-gnu-toolchain/bin/../lib/gcc/avr/4.8.1/avr25\libgcc.a(_clear_bss.o)
                              APDS9960.o (__do_clear_bss)
c:/program files/atmel/atmel toolchain/avr8 gcc/native/3.4.1056/avr8-gnu-toolchain/bin/../lib/gcc/avr/4.8.1/avr25\libgcc.a(_udivmodhi4.o)
                              c:/program files/atmel/atmel toolchain/avr8 gcc/native/3.4.1056/avr8-gnu-toolchain/bin/../lib/gcc/avr/4.8.1/avr25\libgcc.a(_divmodhi4.o) (__udivmodhi4)
c:/program files/atmel/atmel toolchain/avr8 gcc/native/3.4.1056/avr8-gnu-toolchain/bin/../lib/gcc/avr/4.8.1/../../../../avr/lib/avr25\libc.a(itoa_ncheck.o)
                              dbg_putchar.o (__itoa_ncheck)
c:/program files/atmel/atmel toolchain/avr8 gcc/native/3.4.1056/avr8-gnu-toolchain/bin/../lib/gcc/avr/4.8.1/../../../../avr/lib/avr25\libc.a(utoa_ncheck.o)
                              c:/program files/atmel/atmel toolchain/avr8 gcc/native/3.4.1056/avr8-gnu-toolchain/bin/../lib/gcc/avr/4.8.1/../../../../avr/lib/avr25\libc.a(itoa_ncheck.o) (__utoa_common)
c:/program files/atmel/atmel toolchain/avr8 gcc/native/3.4.1056/avr8-gnu-toolchain/bin/../lib/gcc/avr/4.8.1/../../../../avr/lib/avr25\libc.a(strrev.o)
                              c:/program files/atmel/atmel toolchain/avr8 gcc/native/3.4.1056/avr8-gnu-toolchain/bin/../lib/gcc/avr/4.8.1/../../../../avr/lib/avr25\libc.a(utoa_ncheck.o) (strrev)

Allocating common symbols
Common symbol       size              file

gesture_ud_count_   0x2               APDS9960.o
test_string         0x5               APDS9960.o
gesture_lr_count_   0x2               APDS9960.o
gesture_state_      0x2               APDS9960.o
gesture_far_count_  0x2               APDS9960.o
gesture_lr_delta_   0x2               APDS9960.o
gesture_ud_delta_   0x2               APDS9960.o
gesture_motion_     0x2               APDS9960.o
gesture_data_       0x84              APDS9960.o
gesture_near_count_
                    0x2               APDS9960.o

Discarded input sections

 .bss           0x00000000        0x0 c:/program files/atmel/atmel toolchain/avr8 gcc/native/3.4.1056/avr8-gnu-toolchain/bin/../lib/gcc/avr/4.8.1/../../../../avr/lib/avr25/crttn85.o
 .text          0x00000000        0x0 APDS9960.o
 .bss           0x00000000        0x0 APDS9960.o
 .text.init_vars
                0x00000000       0x42 APDS9960.o
 .text.wireWriteDataBlock
                0x00000000        0xc APDS9960.o
 .text.disablePower
                0x00000000       0x12 APDS9960.o
 .text.getGestureExitThresh
                0x00000000       0x24 APDS9960.o
 .text.getGestureGain
                0x00000000       0x2e APDS9960.o
 .text.getGestureLEDDrive
                0x00000000       0x2e APDS9960.o
 .text.getGestureWaitTime
                0x00000000       0x28 APDS9960.o
 .text.getGestureIntEnable
                0x00000000       0x2a APDS9960.o
 .text          0x00000000        0x0 dbg_putchar.o
 .bss           0x00000000        0x0 dbg_putchar.o
 .text.dbg_putchar
                0x00000000       0x36 dbg_putchar.o
 .text.uart_puts
                0x00000000       0x1c dbg_putchar.o
 .text.uart_puts_p
                0x00000000       0x22 dbg_putchar.o
 .text.uart_put_byte
                0x00000000       0x2a dbg_putchar.o
 .text          0x00000000        0x0 i2csw.o
 .bss           0x00000000        0x0 i2csw.o
 .text.i2ct     0x00000000       0x2e i2csw.o
 .text          0x00000000        0x0 klikaan_klikuit.o
 .bss           0x00000000        0x0 klikaan_klikuit.o
 .text          0x00000000        0x0 Main_flow_sensor_laser.o
 .bss           0x00000000        0x0 Main_flow_sensor_laser.o
 .text.send_start_settings
                0x00000000        0x8 Main_flow_sensor_laser.o
 .text.my_delay_ms
                0x00000000        0xc Main_flow_sensor_laser.o
 .rodata.str1.1
                0x00000000        0x9 Main_flow_sensor_laser.o
 .text.do_sleep
                0x00000000       0x2a Main_flow_sensor_laser.o
 .progmem.data.__c.2079
                0x00000000       0x2e Main_flow_sensor_laser.o
 .text          0x00000000        0x0 c:/program files/atmel/atmel toolchain/avr8 gcc/native/3.4.1056/avr8-gnu-toolchain/bin/../lib/gcc/avr/4.8.1/avr25\libgcc.a(_divmodhi4.o)
 .bss           0x00000000        0x0 c:/program files/atmel/atmel toolchain/avr8 gcc/native/3.4.1056/avr8-gnu-toolchain/bin/../lib/gcc/avr/4.8.1/avr25\libgcc.a(_divmodhi4.o)
 .text.libgcc.mul
                0x00000000        0x0 c:/program files/atmel/atmel toolchain/avr8 gcc/native/3.4.1056/avr8-gnu-toolchain/bin/../lib/gcc/avr/4.8.1/avr25\libgcc.a(_divmodhi4.o)
 .text.libgcc   0x00000000        0x0 c:/program files/atmel/atmel toolchain/avr8 gcc/native/3.4.1056/avr8-gnu-toolchain/bin/../lib/gcc/avr/4.8.1/avr25\libgcc.a(_divmodhi4.o)
 .text.libgcc.prologue
                0x00000000        0x0 c:/program files/atmel/atmel toolchain/avr8 gcc/native/3.4.1056/avr8-gnu-toolchain/bin/../lib/gcc/avr/4.8.1/avr25\libgcc.a(_divmodhi4.o)
 .text.libgcc.builtins
                0x00000000        0x0 c:/program files/atmel/atmel toolchain/avr8 gcc/native/3.4.1056/avr8-gnu-toolchain/bin/../lib/gcc/avr/4.8.1/avr25\libgcc.a(_divmodhi4.o)
 .text.libgcc.fmul
                0x00000000        0x0 c:/program files/atmel/atmel toolchain/avr8 gcc/native/3.4.1056/avr8-gnu-toolchain/bin/../lib/gcc/avr/4.8.1/avr25\libgcc.a(_divmodhi4.o)
 .text.libgcc.fixed
                0x00000000        0x0 c:/program files/atmel/atmel toolchain/avr8 gcc/native/3.4.1056/avr8-gnu-toolchain/bin/../lib/gcc/avr/4.8.1/avr25\libgcc.a(_divmodhi4.o)
 .text          0x00000000        0x0 c:/program files/atmel/atmel toolchain/avr8 gcc/native/3.4.1056/avr8-gnu-toolchain/bin/../lib/gcc/avr/4.8.1/avr25\libgcc.a(_exit.o)
 .bss           0x00000000        0x0 c:/program files/atmel/atmel toolchain/avr8 gcc/native/3.4.1056/avr8-gnu-toolchain/bin/../lib/gcc/avr/4.8.1/avr25\libgcc.a(_exit.o)
 .text.libgcc.mul
                0x00000000        0x0 c:/program files/atmel/atmel toolchain/avr8 gcc/native/3.4.1056/avr8-gnu-toolchain/bin/../lib/gcc/avr/4.8.1/avr25\libgcc.a(_exit.o)
 .text.libgcc.div
                0x00000000        0x0 c:/program files/atmel/atmel toolchain/avr8 gcc/native/3.4.1056/avr8-gnu-toolchain/bin/../lib/gcc/avr/4.8.1/avr25\libgcc.a(_exit.o)
 .text.libgcc   0x00000000        0x0 c:/program files/atmel/atmel toolchain/avr8 gcc/native/3.4.1056/avr8-gnu-toolchain/bin/../lib/gcc/avr/4.8.1/avr25\libgcc.a(_exit.o)
 .text.libgcc.prologue
                0x00000000        0x0 c:/program files/atmel/atmel toolchain/avr8 gcc/native/3.4.1056/avr8-gnu-toolchain/bin/../lib/gcc/avr/4.8.1/avr25\libgcc.a(_exit.o)
 .text.libgcc.builtins
                0x00000000        0x0 c:/program files/atmel/atmel toolchain/avr8 gcc/native/3.4.1056/avr8-gnu-toolchain/bin/../lib/gcc/avr/4.8.1/avr25\libgcc.a(_exit.o)
 .text.libgcc.fmul
                0x00000000        0x0 c:/program files/atmel/atmel toolchain/avr8 gcc/native/3.4.1056/avr8-gnu-toolchain/bin/../lib/gcc/avr/4.8.1/avr25\libgcc.a(_exit.o)
 .text.libgcc.fixed
                0x00000000        0x0 c:/program files/atmel/atmel toolchain/avr8 gcc/native/3.4.1056/avr8-gnu-toolchain/bin/../lib/gcc/avr/4.8.1/avr25\libgcc.a(_exit.o)
 .text          0x00000000        0x0 c:/program files/atmel/atmel toolchain/avr8 gcc/native/3.4.1056/avr8-gnu-toolchain/bin/../lib/gcc/avr/4.8.1/avr25\libgcc.a(_copy_data.o)
 .bss           0x00000000        0x0 c:/program files/atmel/atmel toolchain/avr8 gcc/native/3.4.1056/avr8-gnu-toolchain/bin/../lib/gcc/avr/4.8.1/avr25\libgcc.a(_copy_data.o)
 .text.libgcc.mul
                0x00000000        0x0 c:/program files/atmel/atmel toolchain/avr8 gcc/native/3.4.1056/avr8-gnu-toolchain/bin/../lib/gcc/avr/4.8.1/avr25\libgcc.a(_copy_data.o)
 .text.libgcc.div
                0x00000000        0x0 c:/program files/atmel/atmel toolchain/avr8 gcc/native/3.4.1056/avr8-gnu-toolchain/bin/../lib/gcc/avr/4.8.1/avr25\libgcc.a(_copy_data.o)
 .text.libgcc   0x00000000        0x0 c:/program files/atmel/atmel toolchain/avr8 gcc/native/3.4.1056/avr8-gnu-toolchain/bin/../lib/gcc/avr/4.8.1/avr25\libgcc.a(_copy_data.o)
 .text.libgcc.prologue
                0x00000000        0x0 c:/program files/atmel/atmel toolchain/avr8 gcc/native/3.4.1056/avr8-gnu-toolchain/bin/../lib/gcc/avr/4.8.1/avr25\libgcc.a(_copy_data.o)
 .text.libgcc.builtins
                0x00000000        0x0 c:/program files/atmel/atmel toolchain/avr8 gcc/native/3.4.1056/avr8-gnu-toolchain/bin/../lib/gcc/avr/4.8.1/avr25\libgcc.a(_copy_data.o)
 .text.libgcc.fmul
                0x00000000        0x0 c:/program files/atmel/atmel toolchain/avr8 gcc/native/3.4.1056/avr8-gnu-toolchain/bin/../lib/gcc/avr/4.8.1/avr25\libgcc.a(_copy_data.o)
 .text.libgcc.fixed
                0x00000000        0x0 c:/program files/atmel/atmel toolchain/avr8 gcc/native/3.4.1056/avr8-gnu-toolchain/bin/../lib/gcc/avr/4.8.1/avr25\libgcc.a(_copy_data.o)
 .text          0x00000000        0x0 c:/program files/atmel/atmel toolchain/avr8 gcc/native/3.4.1056/avr8-gnu-toolchain/bin/../lib/gcc/avr/4.8.1/avr25\libgcc.a(_clear_bss.o)
 .bss           0x00000000        0x0 c:/program files/atmel/atmel toolchain/avr8 gcc/native/3.4.1056/avr8-gnu-toolchain/bin/../lib/gcc/avr/4.8.1/avr25\libgcc.a(_clear_bss.o)
 .text.libgcc.mul
                0x00000000        0x0 c:/program files/atmel/atmel toolchain/avr8 gcc/native/3.4.1056/avr8-gnu-toolchain/bin/../lib/gcc/avr/4.8.1/avr25\libgcc.a(_clear_bss.o)
 .text.libgcc.div
                0x00000000        0x0 c:/program files/atmel/atmel toolchain/avr8 gcc/native/3.4.1056/avr8-gnu-toolchain/bin/../lib/gcc/avr/4.8.1/avr25\libgcc.a(_clear_bss.o)
 .text.libgcc   0x00000000        0x0 c:/program files/atmel/atmel toolchain/avr8 gcc/native/3.4.1056/avr8-gnu-toolchain/bin/../lib/gcc/avr/4.8.1/avr25\libgcc.a(_clear_bss.o)
 .text.libgcc.prologue
                0x00000000        0x0 c:/program files/atmel/atmel toolchain/avr8 gcc/native/3.4.1056/avr8-gnu-toolchain/bin/../lib/gcc/avr/4.8.1/avr25\libgcc.a(_clear_bss.o)
 .text.libgcc.builtins
                0x00000000        0x0 c:/program files/atmel/atmel toolchain/avr8 gcc/native/3.4.1056/avr8-gnu-toolchain/bin/../lib/gcc/avr/4.8.1/avr25\libgcc.a(_clear_bss.o)
 .text.libgcc.fmul
                0x00000000        0x0 c:/program files/atmel/atmel toolchain/avr8 gcc/native/3.4.1056/avr8-gnu-toolchain/bin/../lib/gcc/avr/4.8.1/avr25\libgcc.a(_clear_bss.o)
 .text.libgcc.fixed
                0x00000000        0x0 c:/program files/atmel/atmel toolchain/avr8 gcc/native/3.4.1056/avr8-gnu-toolchain/bin/../lib/gcc/avr/4.8.1/avr25\libgcc.a(_clear_bss.o)
 .text          0x00000000        0x0 c:/program files/atmel/atmel toolchain/avr8 gcc/native/3.4.1056/avr8-gnu-toolchain/bin/../lib/gcc/avr/4.8.1/avr25\libgcc.a(_udivmodhi4.o)
 .bss           0x00000000        0x0 c:/program files/atmel/atmel toolchain/avr8 gcc/native/3.4.1056/avr8-gnu-toolchain/bin/../lib/gcc/avr/4.8.1/avr25\libgcc.a(_udivmodhi4.o)
 .text.libgcc.mul
                0x00000000        0x0 c:/program files/atmel/atmel toolchain/avr8 gcc/native/3.4.1056/avr8-gnu-toolchain/bin/../lib/gcc/avr/4.8.1/avr25\libgcc.a(_udivmodhi4.o)
 .text.libgcc   0x00000000        0x0 c:/program files/atmel/atmel toolchain/avr8 gcc/native/3.4.1056/avr8-gnu-toolchain/bin/../lib/gcc/avr/4.8.1/avr25\libgcc.a(_udivmodhi4.o)
 .text.libgcc.prologue
                0x00000000        0x0 c:/program files/atmel/atmel toolchain/avr8 gcc/native/3.4.1056/avr8-gnu-toolchain/bin/../lib/gcc/avr/4.8.1/avr25\libgcc.a(_udivmodhi4.o)
 .text.libgcc.builtins
                0x00000000        0x0 c:/program files/atmel/atmel toolchain/avr8 gcc/native/3.4.1056/avr8-gnu-toolchain/bin/../lib/gcc/avr/4.8.1/avr25\libgcc.a(_udivmodhi4.o)
 .text.libgcc.fmul
                0x00000000        0x0 c:/program files/atmel/atmel toolchain/avr8 gcc/native/3.4.1056/avr8-gnu-toolchain/bin/../lib/gcc/avr/4.8.1/avr25\libgcc.a(_udivmodhi4.o)
 .text.libgcc.fixed
                0x00000000        0x0 c:/program files/atmel/atmel toolchain/avr8 gcc/native/3.4.1056/avr8-gnu-toolchain/bin/../lib/gcc/avr/4.8.1/avr25\libgcc.a(_udivmodhi4.o)
 .text          0x00000000        0x0 c:/program files/atmel/atmel toolchain/avr8 gcc/native/3.4.1056/avr8-gnu-toolchain/bin/../lib/gcc/avr/4.8.1/../../../../avr/lib/avr25\libc.a(itoa_ncheck.o)
 .bss           0x00000000        0x0 c:/program files/atmel/atmel toolchain/avr8 gcc/native/3.4.1056/avr8-gnu-toolchain/bin/../lib/gcc/avr/4.8.1/../../../../avr/lib/avr25\libc.a(itoa_ncheck.o)
 .text.avr-libc
                0x00000000       0x14 c:/program files/atmel/atmel toolchain/avr8 gcc/native/3.4.1056/avr8-gnu-toolchain/bin/../lib/gcc/avr/4.8.1/../../../../avr/lib/avr25\libc.a(itoa_ncheck.o)
 .text          0x00000000        0x0 c:/program files/atmel/atmel toolchain/avr8 gcc/native/3.4.1056/avr8-gnu-toolchain/bin/../lib/gcc/avr/4.8.1/../../../../avr/lib/avr25\libc.a(utoa_ncheck.o)
 .bss           0x00000000        0x0 c:/program files/atmel/atmel toolchain/avr8 gcc/native/3.4.1056/avr8-gnu-toolchain/bin/../lib/gcc/avr/4.8.1/../../../../avr/lib/avr25\libc.a(utoa_ncheck.o)
 .text.avr-libc
                0x00000000       0x32 c:/program files/atmel/atmel toolchain/avr8 gcc/native/3.4.1056/avr8-gnu-toolchain/bin/../lib/gcc/avr/4.8.1/../../../../avr/lib/avr25\libc.a(utoa_ncheck.o)
 .text          0x00000000        0x0 c:/program files/atmel/atmel toolchain/avr8 gcc/native/3.4.1056/avr8-gnu-toolchain/bin/../lib/gcc/avr/4.8.1/../../../../avr/lib/avr25\libc.a(strrev.o)
 .bss           0x00000000        0x0 c:/program files/atmel/atmel toolchain/avr8 gcc/native/3.4.1056/avr8-gnu-toolchain/bin/../lib/gcc/avr/4.8.1/../../../../avr/lib/avr25\libc.a(strrev.o)
 .text.avr-libc
                0x00000000       0x20 c:/program files/atmel/atmel toolchain/avr8 gcc/native/3.4.1056/avr8-gnu-toolchain/bin/../lib/gcc/avr/4.8.1/../../../../avr/lib/avr25\libc.a(strrev.o)

Memory Configuration

Name             Origin             Length             Attributes
text             0x00000000         0x00002000         xr
data             0x00800060         0x0000ffa0         rw !x
eeprom           0x00810000         0x00010000         rw !x
fuse             0x00820000         0x00000400         rw !x
lock             0x00830000         0x00000400         rw !x
signature        0x00840000         0x00000400         rw !x
user_signatures  0x00850000         0x00000400         rw !x
*default*        0x00000000         0xffffffff

Linker script and memory map

LOAD c:/program files/atmel/atmel toolchain/avr8 gcc/native/3.4.1056/avr8-gnu-toolchain/bin/../lib/gcc/avr/4.8.1/../../../../avr/lib/avr25/crttn85.o
LOAD APDS9960.o
LOAD dbg_putchar.o
LOAD i2csw.o
LOAD klikaan_klikuit.o
LOAD Main_flow_sensor_laser.o
START GROUP
LOAD c:/program files/atmel/atmel toolchain/avr8 gcc/native/3.4.1056/avr8-gnu-toolchain/bin/../lib/gcc/avr/4.8.1/../../../../avr/lib/avr25\libm.a
END GROUP
START GROUP
LOAD c:/program files/atmel/atmel toolchain/avr8 gcc/native/3.4.1056/avr8-gnu-toolchain/bin/../lib/gcc/avr/4.8.1/avr25\libgcc.a
LOAD c:/program files/atmel/atmel toolchain/avr8 gcc/native/3.4.1056/avr8-gnu-toolchain/bin/../lib/gcc/avr/4.8.1/../../../../avr/lib/avr25\libm.a
LOAD c:/program files/atmel/atmel toolchain/avr8 gcc/native/3.4.1056/avr8-gnu-toolchain/bin/../lib/gcc/avr/4.8.1/../../../../avr/lib/avr25\libc.a
END GROUP

.hash
 *(.hash)

.dynsym
 *(.dynsym)

.dynstr
 *(.dynstr)

.gnu.version
 *(.gnu.version)

.gnu.version_d
 *(.gnu.version_d)

.gnu.version_r
 *(.gnu.version_r)

.rel.init
 *(.rel.init)

.rela.init
 *(.rela.init)

.rel.text
 *(.rel.text)
 *(.rel.text.*)
 *(.rel.gnu.linkonce.t*)

.rela.text
 *(.rela.text)
 *(.rela.text.*)
 *(.rela.gnu.linkonce.t*)

.rel.fini
 *(.rel.fini)

.rela.fini
 *(.rela.fini)

.rel.rodata
 *(.rel.rodata)
 *(.rel.rodata.*)
 *(.rel.gnu.linkonce.r*)

.rela.rodata
 *(.rela.rodata)
 *(.rela.rodata.*)
 *(.rela.gnu.linkonce.r*)

.rel.data
 *(.rel.data)
 *(.rel.data.*)
 *(.rel.gnu.linkonce.d*)

.rela.data
 *(.rela.data)
 *(.rela.data.*)
 *(.rela.gnu.linkonce.d*)

.rel.ctors
 *(.rel.ctors)

.rela.ctors
 *(.rela.ctors)

.rel.dtors
 *(.rel.dtors)

.rela.dtors
 *(.rela.dtors)

.rel.got
 *(.rel.got)

.rela.got
 *(.rela.got)

.rel.bss
 *(.rel.bss)

.rela.bss
 *(.rela.bss)

.rel.plt
 *(.rel.plt)

.rela.plt
 *(.rela.plt)

.text           0x00000000     0x1658
 *(.vectors)
 .vectors       0x00000000       0x1e c:/program files/atmel/atmel toolchain/avr8 gcc/native/3.4.1056/avr8-gnu-toolchain/bin/../lib/gcc/avr/4.8.1/../../../../avr/lib/avr25/crttn85.o
                0x00000000                __vector_default
                0x00000000                __vectors
 *(.vectors)
 *(.progmem.gcc*)
                0x0000001e                . = ALIGN (0x2)
                0x0000001e                __trampolines_start = .
 *(.trampolines)
 .trampolines   0x0000001e        0x0 linker stubs
 *(.trampolines*)
                0x0000001e                __trampolines_end = .
 *(.progmem*)
 .progmem.data.codes
                0x0000001e       0x82 klikaan_klikuit.o
                0x0000001e                codes
                0x000000a0                . = ALIGN (0x2)
 *(.jumptables)
 *(.jumptables*)
 *(.lowtext)
 *(.lowtext*)
                0x000000a0                __ctors_start = .
 *(.ctors)
                0x000000a0                __ctors_end = .
                0x000000a0                __dtors_start = .
 *(.dtors)
                0x000000a0                __dtors_end = .
 SORT(*)(.ctors)
 SORT(*)(.dtors)
 *(.init0)
 .init0         0x000000a0        0x0 c:/program files/atmel/atmel toolchain/avr8 gcc/native/3.4.1056/avr8-gnu-toolchain/bin/../lib/gcc/avr/4.8.1/../../../../avr/lib/avr25/crttn85.o
                0x000000a0                __init
 *(.init0)
 *(.init1)
 *(.init1)
 *(.init2)
 .init2         0x000000a0        0xc c:/program files/atmel/atmel toolchain/avr8 gcc/native/3.4.1056/avr8-gnu-toolchain/bin/../lib/gcc/avr/4.8.1/../../../../avr/lib/avr25/crttn85.o
 *(.init2)
 *(.init3)
 *(.init3)
 *(.init4)
 .init4         0x000000ac       0x16 c:/program files/atmel/atmel toolchain/avr8 gcc/native/3.4.1056/avr8-gnu-toolchain/bin/../lib/gcc/avr/4.8.1/avr25\libgcc.a(_copy_data.o)
                0x000000ac                __do_copy_data
 .init4         0x000000c2       0x10 c:/program files/atmel/atmel toolchain/avr8 gcc/native/3.4.1056/avr8-gnu-toolchain/bin/../lib/gcc/avr/4.8.1/avr25\libgcc.a(_clear_bss.o)
                0x000000c2                __do_clear_bss
 *(.init4)
 *(.init5)
 *(.init5)
 *(.init6)
 *(.init6)
 *(.init7)
 *(.init7)
 *(.init8)
 *(.init8)
 *(.init9)
 .init9         0x000000d2        0x4 c:/program files/atmel/atmel toolchain/avr8 gcc/native/3.4.1056/avr8-gnu-toolchain/bin/../lib/gcc/avr/4.8.1/../../../../avr/lib/avr25/crttn85.o
 *(.init9)
 *(.text)
 .text          0x000000d6        0x2 c:/program files/atmel/atmel toolchain/avr8 gcc/native/3.4.1056/avr8-gnu-toolchain/bin/../lib/gcc/avr/4.8.1/../../../../avr/lib/avr25/crttn85.o
                0x000000d6                __vector_12
                0x000000d6                __bad_interrupt
                0x000000d6                __vector_6
                0x000000d6                __vector_3
                0x000000d6                __vector_11
                0x000000d6                __vector_13
                0x000000d6                __vector_7
                0x000000d6                __vector_5
                0x000000d6                __vector_4
                0x000000d6                __vector_9
                0x000000d6                __vector_2
                0x000000d6                __vector_8
                0x000000d6                __vector_14
                0x000000d8                . = ALIGN (0x2)
 *(.text.*)
 .text.resetGestureParameters
                0x000000d8       0x4a APDS9960.o
                0x000000d8                resetGestureParameters
 .text.processGestureData
                0x00000122      0x3cc APDS9960.o
                0x00000122                processGestureData
 .text.decodeGesture
                0x000004ee      0x23a APDS9960.o
                0x000004ee                decodeGesture
 .text.wireWriteByte
                0x00000728       0x16 APDS9960.o
                0x00000728                wireWriteByte
 .text.wireWriteDataByte
                0x0000073e       0x24 APDS9960.o
                0x0000073e                wireWriteDataByte
 .text.setGestureEnterThresh
                0x00000762       0x12 APDS9960.o
                0x00000762                setGestureEnterThresh
 .text.setGestureExitThresh
                0x00000774       0x12 APDS9960.o
                0x00000774                setGestureExitThresh
 .text.setProxIntLowThresh
                0x00000786       0x12 APDS9960.o
                0x00000786                setProxIntLowThresh
 .text.setProxIntHighThresh
                0x00000798       0x12 APDS9960.o
                0x00000798                setProxIntHighThresh
 .text.setLightIntLowThreshold
                0x000007aa       0x26 APDS9960.o
                0x000007aa                setLightIntLowThreshold
 .text.setLightIntHighThreshold
                0x000007d0       0x26 APDS9960.o
                0x000007d0                setLightIntHighThreshold
 .text.wireReadDataByte
                0x000007f6       0x28 APDS9960.o
                0x000007f6                wireReadDataByte
 .text.getMode  0x0000081e       0x26 APDS9960.o
                0x0000081e                getMode
 .text.setMode  0x00000844       0x6a APDS9960.o
                0x00000844                setMode
 .text.enablePower
                0x000008ae       0x12 APDS9960.o
                0x000008ae                enablePower
 .text.setGestureGain
                0x000008c0       0x4a APDS9960.o
                0x000008c0                setGestureGain
 .text.setGestureLEDDrive
                0x0000090a       0x4a APDS9960.o
                0x0000090a                setGestureLEDDrive
 .text.setGestureWaitTime
                0x00000954       0x42 APDS9960.o
                0x00000954                setGestureWaitTime
 .text.setGestureIntEnable
                0x00000996       0x46 APDS9960.o
                0x00000996                setGestureIntEnable
 .text.setLEDBoost
                0x000009dc       0x48 APDS9960.o
                0x000009dc                setLEDBoost
 .text.setGestureMode
                0x00000a24       0x40 APDS9960.o
                0x00000a24                setGestureMode
 .text.enableGestureSensor
                0x00000a64       0x92 APDS9960.o
                0x00000a64                enableGestureSensor
 .text.isGestureAvailable
                0x00000af6       0x2e APDS9960.o
                0x00000af6                isGestureAvailable
 .text.setProximityGain
                0x00000b24       0x48 APDS9960.o
                0x00000b24                setProximityGain
 .text.setLEDDrive
                0x00000b6c       0x48 APDS9960.o
                0x00000b6c                setLEDDrive
 .text.setAmbientLightGain
                0x00000bb4       0x42 APDS9960.o
                0x00000bb4                setAmbientLightGain
 .text.init_apds
                0x00000bf6      0x206 APDS9960.o
                0x00000bf6                init_apds
 .text.wireReadDataBlock
                0x00000dfc        0xe APDS9960.o
                0x00000dfc                wireReadDataBlock
 .text.readGesture
                0x00000e0a      0x1b4 APDS9960.o
                0x00000e0a                readGesture
 .text.i2cstart
                0x00000fbe       0x10 i2csw.o
                0x00000fbe                i2cstart
 .text.i2cstop  0x00000fce       0x38 i2csw.o
                0x00000fce                i2cstop
 .text.i2cPutbyte
                0x00001006       0xa6 i2csw.o
                0x00001006                i2cPutbyte
 .text.i2cGetbyte
                0x000010ac       0x84 i2csw.o
                0x000010ac                i2cGetbyte
 .text.i2cInit  0x00001130        0xa i2csw.o
                0x00001130                i2cInit
 .text.i2cSend  0x0000113a       0x7a i2csw.o
                0x0000113a                i2cSend
 .text.i2cReceive
                0x000011b4       0xd2 i2csw.o
                0x000011b4                i2cReceive
 .text.__vector_10
                0x00001286       0xb2 klikaan_klikuit.o
                0x00001286                __vector_10
 .text.init_klikaan_klikuit
                0x00001338       0x24 klikaan_klikuit.o
                0x00001338                init_klikaan_klikuit
 .text.send_klikaan_klikuit
                0x0000135c       0x3e klikaan_klikuit.o
                0x0000135c                send_klikaan_klikuit
 .text.__vector_1
                0x0000139a       0x1e Main_flow_sensor_laser.o
                0x0000139a                __vector_1
 .text.init_IO  0x000013b8        0x4 Main_flow_sensor_laser.o
                0x000013b8                init_IO
 .text.init_interrupt
                0x000013bc       0x10 Main_flow_sensor_laser.o
                0x000013bc                init_interrupt
 .text.klikaan_klikuit_off
                0x000013cc       0x34 Main_flow_sensor_laser.o
                0x000013cc                klikaan_klikuit_off
 .text.disable_gesture_int
                0x00001400       0x14 Main_flow_sensor_laser.o
                0x00001400                disable_gesture_int
 .text.blink    0x00001414       0xa4 Main_flow_sensor_laser.o
                0x00001414                blink
 .text.handleGesture
                0x000014b8      0x120 Main_flow_sensor_laser.o
                0x000014b8                handleGesture
 .text.main     0x000015d8       0x2e Main_flow_sensor_laser.o
                0x000015d8                main
 .text.libgcc.div
                0x00001606       0x26 c:/program files/atmel/atmel toolchain/avr8 gcc/native/3.4.1056/avr8-gnu-toolchain/bin/../lib/gcc/avr/4.8.1/avr25\libgcc.a(_divmodhi4.o)
                0x00001606                _div
                0x00001606                __divmodhi4
 .text.libgcc.div
                0x0000162c       0x28 c:/program files/atmel/atmel toolchain/avr8 gcc/native/3.4.1056/avr8-gnu-toolchain/bin/../lib/gcc/avr/4.8.1/avr25\libgcc.a(_udivmodhi4.o)
                0x0000162c                __udivmodhi4
                0x00001654                . = ALIGN (0x2)
 *(.fini9)
 .fini9         0x00001654        0x0 c:/program files/atmel/atmel toolchain/avr8 gcc/native/3.4.1056/avr8-gnu-toolchain/bin/../lib/gcc/avr/4.8.1/avr25\libgcc.a(_exit.o)
                0x00001654                _exit
                0x00001654                exit
 *(.fini9)
 *(.fini8)
 *(.fini8)
 *(.fini7)
 *(.fini7)
 *(.fini6)
 *(.fini6)
 *(.fini5)
 *(.fini5)
 *(.fini4)
 *(.fini4)
 *(.fini3)
 *(.fini3)
 *(.fini2)
 *(.fini2)
 *(.fini1)
 *(.fini1)
 *(.fini0)
 .fini0         0x00001654        0x4 c:/program files/atmel/atmel toolchain/avr8 gcc/native/3.4.1056/avr8-gnu-toolchain/bin/../lib/gcc/avr/4.8.1/avr25\libgcc.a(_exit.o)
 *(.fini0)
                0x00001658                _etext = .

.data           0x00800060        0x0 load address 0x00001658
                0x00800060                PROVIDE (__data_start, .)
 *(.data)
 .data          0x00800060        0x0 c:/program files/atmel/atmel toolchain/avr8 gcc/native/3.4.1056/avr8-gnu-toolchain/bin/../lib/gcc/avr/4.8.1/../../../../avr/lib/avr25/crttn85.o
 .data          0x00800060        0x0 APDS9960.o
 .data          0x00800060        0x0 dbg_putchar.o
 .data          0x00800060        0x0 i2csw.o
 .data          0x00800060        0x0 klikaan_klikuit.o
 .data          0x00800060        0x0 Main_flow_sensor_laser.o
 .data          0x00800060        0x0 c:/program files/atmel/atmel toolchain/avr8 gcc/native/3.4.1056/avr8-gnu-toolchain/bin/../lib/gcc/avr/4.8.1/avr25\libgcc.a(_divmodhi4.o)
 .data          0x00800060        0x0 c:/program files/atmel/atmel toolchain/avr8 gcc/native/3.4.1056/avr8-gnu-toolchain/bin/../lib/gcc/avr/4.8.1/avr25\libgcc.a(_exit.o)
 .data          0x00800060        0x0 c:/program files/atmel/atmel toolchain/avr8 gcc/native/3.4.1056/avr8-gnu-toolchain/bin/../lib/gcc/avr/4.8.1/avr25\libgcc.a(_copy_data.o)
 .data          0x00800060        0x0 c:/program files/atmel/atmel toolchain/avr8 gcc/native/3.4.1056/avr8-gnu-toolchain/bin/../lib/gcc/avr/4.8.1/avr25\libgcc.a(_clear_bss.o)
 .data          0x00800060        0x0 c:/program files/atmel/atmel toolchain/avr8 gcc/native/3.4.1056/avr8-gnu-toolchain/bin/../lib/gcc/avr/4.8.1/avr25\libgcc.a(_udivmodhi4.o)
 .data          0x00800060        0x0 c:/program files/atmel/atmel toolchain/avr8 gcc/native/3.4.1056/avr8-gnu-toolchain/bin/../lib/gcc/avr/4.8.1/../../../../avr/lib/avr25\libc.a(itoa_ncheck.o)
 .data          0x00800060        0x0 c:/program files/atmel/atmel toolchain/avr8 gcc/native/3.4.1056/avr8-gnu-toolchain/bin/../lib/gcc/avr/4.8.1/../../../../avr/lib/avr25\libc.a(utoa_ncheck.o)
 .data          0x00800060        0x0 c:/program files/atmel/atmel toolchain/avr8 gcc/native/3.4.1056/avr8-gnu-toolchain/bin/../lib/gcc/avr/4.8.1/../../../../avr/lib/avr25\libc.a(strrev.o)
 *(.data*)
 *(.rodata)
 *(.rodata*)
 *(.gnu.linkonce.d*)
                0x00800060                . = ALIGN (0x2)
                0x00800060                _edata = .
                0x00800060                PROVIDE (__data_end, .)

.bss            0x00800060       0xa4
                0x00800060                PROVIDE (__bss_start, .)
 *(.bss)
 *(.bss*)
 .bss.init_klikaan_klikuit_flag
                0x00800060        0x1 klikaan_klikuit.o
                0x00800060                init_klikaan_klikuit_flag
 .bss.sending   0x00800061        0x1 klikaan_klikuit.o
                0x00800061                sending
 .bss.code_to_send
                0x00800062        0x1 klikaan_klikuit.o
                0x00800062                code_to_send
 .bss.byte_counter
                0x00800063        0x1 klikaan_klikuit.o
                0x00800063                byte_counter
 .bss.bit_counter
                0x00800064        0x1 klikaan_klikuit.o
                0x00800064                bit_counter
 .bss.e_flag    0x00800065        0x1 Main_flow_sensor_laser.o
                0x00800065                e_flag
 .bss.d_flag    0x00800066        0x1 Main_flow_sensor_laser.o
                0x00800066                d_flag
 .bss.c_flag    0x00800067        0x1 Main_flow_sensor_laser.o
                0x00800067                c_flag
 .bss.b_flag    0x00800068        0x1 Main_flow_sensor_laser.o
                0x00800068                b_flag
 .bss.a_flag    0x00800069        0x1 Main_flow_sensor_laser.o
                0x00800069                a_flag
 .bss.int_flag  0x0080006a        0x1 Main_flow_sensor_laser.o
                0x0080006a                int_flag
 *(COMMON)
 COMMON         0x0080006b       0x99 APDS9960.o
                0x0080006b                gesture_ud_count_
                0x0080006d                test_string
                0x00800072                gesture_lr_count_
                0x00800074                gesture_state_
                0x00800076                gesture_far_count_
                0x00800078                gesture_lr_delta_
                0x0080007a                gesture_ud_delta_
                0x0080007c                gesture_motion_
                0x0080007e                gesture_data_
                0x00800102                gesture_near_count_
                0x00800104                PROVIDE (__bss_end, .)
                0x00001658                __data_load_start = LOADADDR (.data)
                0x00001658                __data_load_end = (__data_load_start + SIZEOF (.data))

.noinit         0x00800104        0x0
                0x00800104                PROVIDE (__noinit_start, .)
 *(.noinit*)
                0x00800104                PROVIDE (__noinit_end, .)
                0x00800104                _end = .
                0x00800104                PROVIDE (__heap_start, .)

.eeprom         0x00810000        0x0
 *(.eeprom*)
                0x00810000                __eeprom_end = .

.fuse
 *(.fuse)
 *(.lfuse)
 *(.hfuse)
 *(.efuse)

.lock
 *(.lock*)

.signature
 *(.signature*)

.user_signatures
 *(.user_signatures*)

.stab
 *(.stab)

.stabstr
 *(.stabstr)

.stab.excl
 *(.stab.excl)

.stab.exclstr
 *(.stab.exclstr)

.stab.index
 *(.stab.index)

.stab.indexstr
 *(.stab.indexstr)

.comment        0x00000000       0x30
 *(.comment)
 .comment       0x00000000       0x30 APDS9960.o
                                 0x31 (size before relaxing)
 .comment       0x00000000       0x31 dbg_putchar.o
 .comment       0x00000000       0x31 i2csw.o
 .comment       0x00000000       0x31 klikaan_klikuit.o
 .comment       0x00000000       0x31 Main_flow_sensor_laser.o

.note.gnu.build-id
 *(.note.gnu.build-id)

.debug
 *(.debug)

.line
 *(.line)

.debug_srcinfo
 *(.debug_srcinfo)

.debug_sfnames
 *(.debug_sfnames)

.debug_aranges  0x00000000      0x270
 *(.debug_aranges)
 .debug_aranges
                0x00000000      0x140 APDS9960.o
 .debug_aranges
                0x00000140       0x38 dbg_putchar.o
 .debug_aranges
                0x00000178       0x58 i2csw.o
 .debug_aranges
                0x000001d0       0x30 klikaan_klikuit.o
 .debug_aranges
                0x00000200       0x70 Main_flow_sensor_laser.o

.debug_pubnames
 *(.debug_pubnames)

.debug_info     0x00000000     0x2666
 *(.debug_info .gnu.linkonce.wi.*)
 .debug_info    0x00000000     0x1507 APDS9960.o
 .debug_info    0x00001507      0x2b7 dbg_putchar.o
 .debug_info    0x000017be      0x2bd i2csw.o
 .debug_info    0x00001a7b      0x247 klikaan_klikuit.o
 .debug_info    0x00001cc2      0x9a4 Main_flow_sensor_laser.o

.debug_abbrev   0x00000000      0x9e4
 *(.debug_abbrev)
 .debug_abbrev  0x00000000      0x335 APDS9960.o
 .debug_abbrev  0x00000335      0x1a6 dbg_putchar.o
 .debug_abbrev  0x000004db      0x113 i2csw.o
 .debug_abbrev  0x000005ee      0x14e klikaan_klikuit.o
 .debug_abbrev  0x0000073c      0x2a8 Main_flow_sensor_laser.o

.debug_line     0x00000000      0xd06
 *(.debug_line .debug_line.* .debug_line_end)
 .debug_line    0x00000000      0x69c APDS9960.o
 .debug_line    0x0000069c      0x107 dbg_putchar.o
 .debug_line    0x000007a3      0x170 i2csw.o
 .debug_line    0x00000913      0x172 klikaan_klikuit.o
 .debug_line    0x00000a85      0x281 Main_flow_sensor_laser.o

.debug_frame    0x00000000      0x738
 *(.debug_frame)
 .debug_frame   0x00000000      0x494 APDS9960.o
 .debug_frame   0x00000494       0x7c dbg_putchar.o
 .debug_frame   0x00000510       0xd8 i2csw.o
 .debug_frame   0x000005e8       0x70 klikaan_klikuit.o
 .debug_frame   0x00000658       0xe0 Main_flow_sensor_laser.o

.debug_str      0x00000000      0x95f
 *(.debug_str)
 .debug_str     0x00000000      0x702 APDS9960.o
                                0x74f (size before relaxing)
 .debug_str     0x00000702       0x8f dbg_putchar.o
                                0x239 (size before relaxing)
 .debug_str     0x00000791       0x33 i2csw.o
                                0x222 (size before relaxing)
 .debug_str     0x000007c4       0xaa klikaan_klikuit.o
                                0x291 (size before relaxing)
 .debug_str     0x0000086e       0xf1 Main_flow_sensor_laser.o
                                0x4c0 (size before relaxing)

.debug_loc      0x00000000     0x1e26
 *(.debug_loc)
 .debug_loc     0x00000000     0x13a8 APDS9960.o
 .debug_loc     0x000013a8      0x245 dbg_putchar.o
 .debug_loc     0x000015ed      0x3a5 i2csw.o
 .debug_loc     0x00001992      0x14b klikaan_klikuit.o
 .debug_loc     0x00001add      0x349 Main_flow_sensor_laser.o

.debug_macinfo
 *(.debug_macinfo)

.debug_weaknames
 *(.debug_weaknames)

.debug_funcnames
 *(.debug_funcnames)

.debug_typenames
 *(.debug_typenames)

.debug_varnames
 *(.debug_varnames)

.debug_pubtypes
 *(.debug_pubtypes)

.debug_ranges   0x00000000      0x268
 *(.debug_ranges)
 .debug_ranges  0x00000000      0x130 APDS9960.o
 .debug_ranges  0x00000130       0x40 dbg_putchar.o
 .debug_ranges  0x00000170       0x48 i2csw.o
 .debug_ranges  0x000001b8       0x20 klikaan_klikuit.o
 .debug_ranges  0x000001d8       0x90 Main_flow_sensor_laser.o

.debug_macro
 *(.debug_macro)
OUTPUT(out.elf elf32-avr)
LOAD linker stubs
